Resolving dependencies...
Downloading packages...
  ffi 2.1.4 (2.2.0 available)
  google_fonts 6.3.3 (8.0.2 available)
  lints 6.0.0 (6.1.0 available)
  meta 1.17.0 (1.18.1 available)
  path_provider_foundation 2.5.1 (2.6.0 available)
  source_span 1.10.1 (1.10.2 available)
  uuid 4.5.2 (4.5.3 available)
Got dependencies!
7 packages have newer versions incompatible with dependency constraints.
Try `flutter pub outdated` for more information.
Running Gradle task 'assembleRelease'...                        
flutter : 
発生場所 行:1 文字:1
+ flutter build apk > build_output.txt 2>&1
+ ~~~~~~~~~~~~~~~~~~~~~~~~~~~~~~~~~~~~~~~~~
    + CategoryInfo          : NotSpecified: (:String) [], R 
   emoteException
    + FullyQualifiedErrorId : NativeCommandError
 
FAILURE: Build failed with an exception.

* What went wrong:
Execution failed for task ':app:compileFlutterBuildRelease'.
> Unable to delete directory 'C:\Users\horie\workspace\todo\
build\app\intermediates\flutter\release'
    Failed to delete some children. This might happen becaus
e a process has files open or has its working directory set 
in the target directory.
    - C:\Users\horie\workspace\todo\build\app\intermediates\
flutter\release\arm64-v8a
    - C:\Users\horie\workspace\todo\build\app\intermediates\
flutter\release\armeabi-v7a
    - C:\Users\horie\workspace\todo\build\app\intermediates\
flutter\release\flutter_assets\assets\images
    - C:\Users\horie\workspace\todo\build\app\intermediates\
flutter\release\flutter_assets\assets
    - C:\Users\horie\workspace\todo\build\app\intermediates\
flutter\release\flutter_assets\fonts
    - C:\Users\horie\workspace\todo\build\app\intermediates\
flutter\release\flutter_assets\packages\cupertino_icons\asse
ts
    - C:\Users\horie\workspace\todo\build\app\intermediates\
flutter\release\flutter_assets\packages\cupertino_icons
    - C:\Users\horie\workspace\todo\build\app\intermediates\
flutter\release\flutter_assets\packages
    - C:\Users\horie\workspace\todo\build\app\intermediates\
flutter\release\flutter_assets\shaders
    - C:\Users\horie\workspace\todo\build\app\intermediates\
flutter\release\flutter_assets
    - C:\Users\horie\workspace\todo\build\app\intermediates\
flutter\release\x86_64

* Try:
> Run with --stacktrace option to get the stack trace.
> Run with --info or --debug option to get more log output.
> Run with --scan to get full insights.
> Get more help at https://help.gradle.org.

BUILD FAILED in 4s
Running Gradle task 'assembleRelease'...                            5.0s
Gradle task assembleRelease failed with exit code 1
